../Core/Src/stm32f1xx_it.c:100:6:NMI_Handler	4	static
../Core/Src/stm32f1xx_it.c:115:6:HardFault_Handler	4	static
../Core/Src/stm32f1xx_it.c:130:6:MemManage_Handler	4	static
../Core/Src/stm32f1xx_it.c:145:6:BusFault_Handler	4	static
../Core/Src/stm32f1xx_it.c:160:6:UsageFault_Handler	4	static
../Core/Src/stm32f1xx_it.c:175:6:SVC_Handler	4	static
../Core/Src/stm32f1xx_it.c:188:6:DebugMon_Handler	4	static
../Core/Src/stm32f1xx_it.c:201:6:PendSV_Handler	4	static
../Core/Src/stm32f1xx_it.c:214:6:SysTick_Handler	8	static
../Core/Src/stm32f1xx_it.c:235:6:DMA1_Channel1_IRQHandler	8	static
../Core/Src/stm32f1xx_it.c:249:6:TIM1_UP_IRQHandler	8	static
../Core/Src/stm32f1xx_it.c:263:6:TIM3_IRQHandler	8	static
../Core/Src/stm32f1xx_it.c:276:6:HAL_TIM_PWM_PulseFinishedCallback	16	static
../Core/Src/stm32f1xx_it.c:300:6:HAL_TIM_PeriodElapsedCallback	16	static
